c --- [ banner ] -------------------------------------------------------------
c 
c CaDiCaL SAT Solver
c Copyright (c) 2016-2026
c A. Biere, M. Fleury, N. Froleyks, K. Fazekas, F. Pollitt, T. Faller
c JKU Linz, University of Freiburg, TU Wien
c 
c Version 3.0.1 c60730422e758ef1cebe7aeddf2dda31c996bf04
c g++ (Ubuntu 15.2.0-16ubuntu1) 15.2.0 -Wall -Wextra -O3 -DNDEBUG
c Wed Aug 26 01:07:37 EDT 2026 Linux server0 7.0.0-27-generic x86_64
c 
c --- [ proof tracing ] ------------------------------------------------------
c 
c opening file to write '/data0/axeyum/open-problems/simd-weighted/reverse-haswell-latency-le3.drat'
c writing non-binary proof trace to '/data0/axeyum/open-problems/simd-weighted/reverse-haswell-latency-le3.drat'
c 
c --- [ parsing input ] ------------------------------------------------------
c 
c reading DIMACS file from '/data0/axeyum/open-problems/simd-weighted/reverse-haswell-latency-le3.cnf'
c opening file to read '/data0/axeyum/open-problems/simd-weighted/reverse-haswell-latency-le3.cnf'
c found 'p cnf 6024 235303' header
c parsed 235303 clauses in 0.06 seconds process time
c 
c --- [ options ] ------------------------------------------------------------
c 
c   --binary=false                 (different from default 'true')
c   --seed=941                     (different from default '0')
c 
c --- [ solving ] ------------------------------------------------------------
c 
c time measured in process time since initialization
c 
c  seconds  reduction conflicts       size tier2       variables
c         MB    restarts   redundant    glue  trail         remaining
c          level     rate       size/glu tier1  irredundant
c 
c *  0.06 24  0 0   0  0    0    0 0.0 0 0 2 6  0% 187097 3970 66%
c )  0.06 25  0 0   0  0    0    0 0.0 0 0 2 6  0% 187097 3970 66%
c {  0.06 25  0 0   0  0    0    0 0.0 0 0 2 6  0% 187097 3970 66%
c i  0.06 25  1 0   0  2    1    0 0.0 1 0 2 6 34% 187097 3969 66%
c i  0.07 25 21 0   3  4  141   69 1.3 5 4 2 6 64% 187088 3968 66%
c -  0.09 25 29 1  36  6  300  136 1.3 10 8 2 6 67% 155208 3959 66%
c i  0.09 25 19 1  80  5  798  416 1.3 9 7 2 6 59% 155208 3958 66%
c -  0.12 31 19 2  80  5  815  173 1.3 9 7 2 6 60% 155146 3958 66%
c }  0.13 31 19 2 103  5 1001  253 1.4 10 8 2 6 61% 155146 3958 66%
c [  0.13 31  0 2 103  0 1001  253 0.0 0 0 2 6  0% 155146 3958 66%
c O  0.13 31  1 2 103  2 1002  254 2.0 2 1 2 6 38% 155146 3958 66%
c -  0.16 31 146 3 103  4 1663  415 1.4 19 14 2 6 64% 155146 3958 66%
c ]  0.17 31 106 3 104  4 2380 1097 1.4 22 15 2 6 62% 155146 3958 66%
c {  0.17 31 19 3 104  5 2380 1097 1.4 10 8 2 6 61% 155146 3958 66%
c 2  0.20 32 22 3 167  5 2779 1370 1.3 11 8 2 6 28% 155146 3957 66%
c d  0.21 32 22 3 167  5 2779 1370 1.3 11 8 2 6 28% 155136 3955 66%
c p  0.21 32 22 3 167  5 2779 1405 1.3 11 8 2 6 28% 155136 3955 66%
c t  0.25 37 22 3 167  5 2779 1404 1.3 11 8 2 6 28% 155145 3952 66%
c -  0.27 33 22 4 193  5 2876  658 1.3 11 8 2 6 31% 155128 3952 66%
c O  0.28 33 22 4 229  6 3005  763 1.3 12 9 2 6 33% 155128 3952 66%
c 
c  seconds  reduction conflicts       size   tier2       variables
c         MB    restarts   redundant     glue   trail         remaining
c          level     rate       size/glue  tier1  irredundant
c 
c -  0.32 37 21 5 517  5 4473  767 1.2 13 10 2 6 33% 155128 3952 66%
c 2  0.33 37 20 5 721  4 5279  961 1.2 13 11 11 14 31% 155128 3951 66%
c #  0.36 37 19 5 894  3 6008 1111 1.2 13 11 11 14 30% 155128 3951 66%
c -  0.38 41 18 6 1011  3 6463 1205 1.2 13 11 11 14 30% 155122 3951 66%
c 2  0.40 41 17 6 1317  3 7883 1613 1.2 14 12 12 13 29% 155122 3951 66%
c -  0.47 41 17 7 1470  3 8856 1723 1.2 14 12 12 13 28% 155125 3951 66%
c B  0.49 41 17 7 1632  2 10009 2173 1.2 14 12 12 13 28% 155125 3951 66%
c }  0.50 41 19 7 1653  3 10555 2529 1.2 14 12 12 13 29% 155125 3951 66%
c [  0.50 41 106 7 1653  4 10555 2529 1.4 22 15 2 6 94% 155125 3951 66%
c t  0.51 41 106 7 1653  4 10591 2549 1.4 21 15 2 6 93% 155122 3951 66%
c i  0.54 41 86 7 1653  4 11032 2857 1.4 20 15 2 6 89% 155122 3789 63%
c s  0.57 41 83 7 1653  4 11118 1538 1.4 20 14 2 6 87% 155121 3789 63%
c e  0.64 42 83 7 1653  4 11118  780 1.4 20 14 2 6 87% 136270 3597 60%
c s  0.68 42 83 7 1653  4 11118  759 1.4 20 14 2 6 87% 136264 3597 60%
c i  0.70 42 75 7 1654  4 11344  968 1.5 19 13 2 6 83% 136264 3579 59%
c -  0.72 42 88 8 1654  4 11657  614 1.4 21 15 2 6 76% 134073 3579 59%
c i  0.73 42 78 8 1654  4 12063  931 1.3 20 15 2 6 69% 134073 3456 57%
c d  0.78 29 122 8 1654  3 13379 1098 1.5 28 19 15 21 20% 86502 3454 57%
c 2  0.78 29 122 8 1654  3 13379 1058 1.5 28 19 15 21 20% 86502 3454 57%
c i  0.81 29 124 8 1655  3 13513 1186 1.5 29 19 15 21 20% 86502 3453 57%
c 
c  seconds   reductions  conflicts       size    tier2       variables
c         MB     restarts     redundant     glue     trail        remaining
c           level      rate        size/glue  tier1    irredundant
c 
c i  0.81 29 124 8 1655  3 13524 1196 1.5 29 19 15 21 20% 86502 3452 57%
c -  0.84 32 126 9 1656  3 14700 1049 1.5 30 20 15 21 22% 84974 3452 57%
c I  0.85 32 127 9 1656  3 15011 1307 1.5 31 21 15 21 21% 84974 3452 57%
c -  0.93 34 109 10 1658  3 17731 2348 1.4 30 21 15 21 24% 84974 3452 57%
c ]  0.93 34 107 10 1658  3 17906 2517 1.4 30 21 15 21 24% 84974 3452 57%
c {  0.93 34 19 10 1658  3 17906 2517 1.2 14 12 12 13 33% 84974 3452 57%
c W  1.01 34 21 10 2064  3 21013 4435 1.2 15 12 12 13 30% 84974 3452 57%
c -  1.02 34 21 11 2067  3 21059 3331 1.2 15 12 12 13 30% 84974 3452 57%
c -  1.09 35 23 12 2216  3 24687 4558 1.2 14 12 11 14 26% 84974 3452 57%
c F  1.14 35 24 12 2283  3 28015 6500 1.2 14 11 11 14 24% 84974 3452 57%
c -  1.16 35 24 13 2290  3 28615 6076 1.2 14 11 11 14 23% 84974 3452 57%
c i  1.24 35 24 13 2344  3 32012 8181 1.2 13 11 11 14 21% 84974 3451 57%
c i  1.24 35 24 13 2344  3 32013 8181 1.2 13 11 11 14 21% 84974 3450 57%
c i  1.24 35 24 13 2344  3 32029 8196 1.2 13 11 11 14 21% 84974 3449 57%
c s  1.26 35 25 13 2344  3 32093 5475 1.2 13 11 11 14 21% 84974 3449 57%
c s  1.30 35 25 13 2344  3 32093 5006 1.2 13 11 11 14 21% 84841 3449 57%
c ^  1.31 35 25 13 2344  3 32093 5006 1.2 13 11 11 14 21% 84841 3449 57%
c -  1.33 35 24 14 2371  3 32845 2468 1.2 13 11 11 14 21% 84841 3449 57%
c d  1.33 35 24 14 2371  3 32845 2465 1.2 13 11 11 14 21% 84839 3447 57%
c 2  1.34 35 24 14 2371  3 32845 2465 1.2 13 11 11 14 21% 84838 3447 57%
c 
c  seconds  reductions   conflicts       size    tier2       variables
c         MB     restarts     redundant     glue     trail        remaining
c          level       rate        size/glue  tier1    irredundant
c 
c i  1.34 35 24 14 2371  3 32896 2485 1.2 13 11 11 14 21% 84838 3446 57%
c i  1.34 35 25 14 2371  3 33102 2576 1.2 13 11 11 14 21% 84838 3445 57%
c i  1.34 35 25 14 2371  3 33110 2581 1.2 13 11 11 14 21% 84838 3444 57%
c i  1.35 35 25 14 2384  3 33576 2827 1.2 13 11 11 14 21% 84838 3443 57%
c i  1.35 35 25 14 2384  3 33577 2827 1.2 13 11 11 14 21% 84838 3442 57%
c i  1.35 35 25 14 2395  3 33714 2910 1.2 13 11 11 14 21% 84838 3441 57%
c i  1.35 35 25 14 2395  3 33720 2913 1.2 13 11 11 14 21% 84838 3440 57%
c i  1.35 35 25 14 2395  3 33741 2918 1.2 13 11 11 14 21% 84838 3439 57%
c i  1.35 35 25 14 2395  3 33751 2920 1.2 13 11 11 14 20% 84838 3438 57%
c i  1.35 35 25 14 2395  3 33769 2926 1.2 13 11 11 14 20% 84838 3437 57%
c i  1.35 35 25 14 2395  3 33787 2939 1.2 13 11 11 14 20% 84838 3373 56%
c i  1.35 35 25 14 2395  3 33788 2939 1.2 13 11 11 14 20% 84838 3372 56%
c i  1.35 35 25 14 2395  3 33790 2940 1.2 13 11 11 14 20% 84838 3371 56%
c }  1.35 35 25 14 2395  3 33793 2940 1.2 13 11 11 14 20% 84838 3260 54%
c 0  1.35 35 25 14 2395  3 33793 2940 1.2 13 11 11 14 20% 84838 3260 54%
c 
c --- [ closing proof ] ------------------------------------------------------
c 
c DRAT proof file '/data0/axeyum/open-problems/simd-weighted/reverse-haswell-latency-le3.drat' closed
c DRAT 95152 added clauses 28.39%
c DRAT 240030 deleted clauses 71.61%
c DRAT 12554825 bytes (11.97 MB)
c 
c --- [ result ] -------------------------------------------------------------
c 
s UNSATISFIABLE
c 
c --- [ run-time profiling ] -------------------------------------------------
c 
c process time taken by individual solving procedures
c (percentage relative to process time for solving)
c 
c         0.84   65.17% search
c         0.54   41.39% unstable
c         0.45   34.82% simplify
c         0.27   20.91% stable
c         0.11    8.21% elim
c         0.10    8.05% congruence
c         0.09    6.74% subsume
c         0.06    4.29% parse
c         0.03    2.70% sweep
c         0.03    2.27% walk
c         0.01    0.85% probe
c         0.01    0.58% lucky
c         0.01    0.54% backbone
c   =================================
c         1.30   95.87% solve
c 
c last line shows process time for solving
c (percentage relative to total process time)
c 
c --- [ statistics ] ---------------------------------------------------------
c 
c chronological:             17090        50.57 %  of conflicts
c conflicts:                 33793     26079.47    per second
c backbone:                 315791      5242.21 %  of vars
c decisions:                109511     84514.23    per second
c eliminated:                  175         2.91 %  of all variables
c fixed:                      2583        42.88 %  of all variables
c learned:                   32115        95.03 %  per conflict
c learned_lits:            1091091       100.00 %  learned literals
c minimized:                     0         0.00 %  learned literals
c shrunken:                 514122        47.12 %  learned literals
c minishrunken:              12561         1.15 %  learned literals
c otfs:                        540         1.60 %  of conflict
c propagations:            3786404         2.92 M  per second
c reduced:                    8411        24.89 %  per conflict
c rephased:                      7      4827.57    interval
c restarts:                   2395        14.11    interval
c stabilizing:                   2        25.60 %  of conflicts
c substituted:                   6         0.10 %  of all variables
c subsumed:                  16035         7.12 %  of all clauses
c strengthened:               2078         0.92 %  of all clauses
c ticks:                  22468334         6.52    propagation
c walked:                        1     33793.00    interval
c weakened:                   2924         2.88    average size
c congruence:                    4      8448.25    interval
c 
c seconds are measured in process time for solving
c 
c --- [ glue usage ] ---------------------------------------------------------
c 
c focused glue 4 used 15738 clauses 15.67% accumulated 52.73% tier1
c focused glue 5 used 12106 clauses 12.06% accumulated 64.79%
c focused glue 6 used 4983 clauses 4.964% accumulated 69.75%
c focused glue 7 used 4392 clauses 4.375% accumulated 74.13%
c focused glue 8 used 4598 clauses 4.580% accumulated 78.71% tier2
c 
c stable glue 15 used 831 clauses 5.363% accumulated 48.42% tier1
c stable glue 16 used 810 clauses 5.227% accumulated 53.64%
c stable glue 17-19 used 972 clauses 6.272% accumulated 59.92%
c stable glue 20 used 266 clauses 1.716% accumulated 61.63%
c stable glue 21 used 181 clauses 1.168% accumulated 62.80% tier2
c 
c 
c --- [ resources ] ----------------------------------------------------------
c 
c total process time since initialization:         1.35    seconds
c total real time since initialization:            1.35    seconds
c maximum resident set size of process:           41.84    MB
c 
c --- [ shutting down ] ------------------------------------------------------
c 
c exit 20
