Command exited with non-zero status 20
	Command being timed: "references/cadical/build/cadical --no-binary --seed=941 /data0/axeyum/open-problems/simd-weighted/reverse-haswell-latency-le3.cnf /data0/axeyum/open-problems/simd-weighted/reverse-haswell-latency-le3.drat"
	User time (seconds): 1.31
	System time (seconds): 0.04
	Percent of CPU this job got: 99%
	Elapsed (wall clock) time (h:mm:ss or m:ss): 0:01.35
	Average shared text size (kbytes): 0
	Average unshared data size (kbytes): 0
	Average stack size (kbytes): 0
	Average total size (kbytes): 0
	Maximum resident set size (kbytes): 42848
	Average resident set size (kbytes): 0
	Major (requiring I/O) page faults: 0
	Minor (reclaiming a frame) page faults: 16425
	Voluntary context switches: 1
	Involuntary context switches: 4
	Swaps: 0
	File system inputs: 0
	File system outputs: 24552
	Socket messages sent: 0
	Socket messages received: 0
	Signals delivered: 0
	Page size (bytes): 4096
	Exit status: 20
